<?xml version="1.0" encoding="utf-8" ?>
<result>
	<idcontainer>aaacont1</idcontainer>
	<idsite>2</idsite>
	<context>web</context>
	<name>Container1</name>
	<description />
	
	
	
	
	<revision>4</revision>
	<version>
		<name>container1_v4_reversioned</name>
		<description>new version from an older version</description>
		<revision>4</revision>
		
		
		
		
	</version>
	<tags>
		<row>
			<idtag>10</idtag>
			<type>CustomHtml</type>
			<name>My Tag 2</name>
			<description>My Tag 2 description</description>
			<parameters>
				<customHtml>&lt;script&gt;&lt;/script&gt;</customHtml>
				<htmlPosition>bodyEnd</htmlPosition>
			</parameters>
			<fire_trigger_ids>
				<row>13</row>
			</fire_trigger_ids>
			<block_trigger_ids>
				<row>14</row>
			</block_trigger_ids>
			<fire_limit>once_lifetime</fire_limit>
			<priority>343</priority>
			<fire_delay>1350</fire_delay>
			<start_date>2017-01-02 03:04:05</start_date>
			<end_date>2029-01-02 03:04:05</end_date>
			
			
			
			
		</row>
		<row>
			<idtag>11</idtag>
			<type>CustomHtml</type>
			<name>My Tag 1</name>
			<description />
			<parameters>
				<customHtml>&lt;p&gt;&lt;/p&gt;</customHtml>
				<htmlPosition>bodyEnd</htmlPosition>
			</parameters>
			<fire_trigger_ids>
				<row>13</row>
			</fire_trigger_ids>
			<block_trigger_ids>
			</block_trigger_ids>
			<fire_limit>unlimited</fire_limit>
			<priority>999</priority>
			<fire_delay>0</fire_delay>
			<start_date />
			<end_date />
			
			
			
			
		</row>
		<row>
			<idtag>12</idtag>
			<type>CustomImage</type>
			<name>My Tag 3</name>
			<description />
			<parameters>
				<customImageSrc>/plugins/tracking.png</customImageSrc>
				<cacheBusterEnabled>1</cacheBusterEnabled>
			</parameters>
			<fire_trigger_ids>
				<row>14</row>
				<row>15</row>
			</fire_trigger_ids>
			<block_trigger_ids>
			</block_trigger_ids>
			<fire_limit>unlimited</fire_limit>
			<priority>999</priority>
			<fire_delay>0</fire_delay>
			<start_date />
			<end_date />
			
			
			
			
		</row>
	</tags>
	<triggers>
		<row>
			<idtrigger>13</idtrigger>
			<type>CustomEvent</type>
			<name>My trigger1</name>
			<description>My trigger1 description</description>
			<parameters>
				<eventName>foo</eventName>
			</parameters>
			<conditions>
			</conditions>
			
			
			
			
		</row>
		<row>
			<idtrigger>14</idtrigger>
			<type>WindowLoaded</type>
			<name>Mytrigger2</name>
			<description />
			<parameters>
			</parameters>
			<conditions>
				<row>
					<actual>ErrorUrl</actual>
					<comparison>contains</comparison>
					<expected>foo</expected>
				</row>
			</conditions>
			
			
			
			
		</row>
		<row>
			<idtrigger>15</idtrigger>
			<type>DomReady</type>
			<name>Mytrigger3</name>
			<description />
			<parameters>
			</parameters>
			<conditions>
			</conditions>
			
			
			
			
		</row>
	</triggers>
	<variables>
	</variables>
</result>