<?xml version="1.0" encoding="utf-8" ?>
<result>
	<row>
		<idtag>2</idtag>
		<idcontainerversion>1</idcontainerversion>
		<idsite>2</idsite>
		<type>CustomHtml</type>
		<name>My Tag 2</name>
		<status>active</status>
		<parameters>
			<customHtml>&lt;script&gt;&lt;/script&gt;</customHtml>
			<htmlPosition>bodyEnd</htmlPosition>
		</parameters>
		<fire_trigger_ids>
			<row>1</row>
		</fire_trigger_ids>
		<block_trigger_ids>
			<row>2</row>
		</block_trigger_ids>
		<fire_limit>once_lifetime</fire_limit>
		<priority>343</priority>
		<fire_delay>1350</fire_delay>
		<start_date>2017-01-02 03:04:05</start_date>
		<end_date>2029-01-02 03:04:05</end_date>
		
		
		
		
		<typeMetadata>
			<id>CustomHtml</id>
			<name>Custom HTML</name>
			<description>Allows you to embed any custom HTML, for example JavaScript or CSS Styles.</description>
			<category>Custom</category>
			<icon>plugins/TagManager/images/icons/code.svg</icon>
			<help>The Custom HTML tag allows you to embed any tag which is not supported yet. The possibilities with this trigger are pretty much unlimited.</help>
			<order>9999</order>
			<contexts>
				<row>web</row>
			</contexts>
			<hasAdvancedSettings>1</hasAdvancedSettings>
			<parameters>
				<row>
					<name>customHtml</name>
					<title>Custom HTML</title>
					<value>&lt;script&gt;&lt;/script&gt;</value>
					<defaultValue />
					<type>string</type>
					<uiControl>textarea</uiControl>
					<uiControlAttributes>
					</uiControlAttributes>
					<availableValues />
					<description>This tag is ideal when you need to add for example custom styles or custom JavaScript or when you are looking for a specific tag which is not yet supported. With this tag you can append any HTML to the bottom of your page, add styles, or execute JavaScript. Note: You can replace content within the HTML with variables by putting a variable name in curly brackets like this {{PageUrl}}.</description>
					<inlineHelp>&lt;a href=&quot;https://matomo.org/faq/tag-manager/faq_26815/&quot;&gt;Learn more&lt;/a&gt;</inlineHelp>
					<templateFile>plugins/TagManager/angularjs/form-field/field-textarea-variable-template.html</templateFile>
					<introduction />
					<condition />
				</row>
				<row>
					<name>htmlPosition</name>
					<title>Position</title>
					<value>bodyEnd</value>
					<defaultValue>bodyEnd</defaultValue>
					<type>string</type>
					<uiControl>select</uiControl>
					<uiControlAttributes>
					</uiControlAttributes>
					<availableValues>
						<headStart>Head Start</headStart>
						<headEnd>Head End</headEnd>
						<bodyStart>Body Start</bodyStart>
						<bodyEnd>Body End</bodyEnd>
					</availableValues>
					<description>Define the position of where the HTML should be inserted into your website.</description>
					<inlineHelp />
					<templateFile />
					<introduction />
					<condition />
				</row>
			</parameters>
		</typeMetadata>
	</row>
	<row>
		<idtag>1</idtag>
		<idcontainerversion>1</idcontainerversion>
		<idsite>2</idsite>
		<type>CustomHtml</type>
		<name>My Tag 1</name>
		<status>active</status>
		<parameters>
			<customHtml>&lt;p&gt;&lt;/p&gt;</customHtml>
			<htmlPosition>bodyEnd</htmlPosition>
		</parameters>
		<fire_trigger_ids>
			<row>1</row>
		</fire_trigger_ids>
		<block_trigger_ids>
		</block_trigger_ids>
		<fire_limit>unlimited</fire_limit>
		<priority>999</priority>
		<fire_delay>0</fire_delay>
		<start_date />
		<end_date />
		
		
		
		
		<typeMetadata>
			<id>CustomHtml</id>
			<name>Custom HTML</name>
			<description>Allows you to embed any custom HTML, for example JavaScript or CSS Styles.</description>
			<category>Custom</category>
			<icon>plugins/TagManager/images/icons/code.svg</icon>
			<help>The Custom HTML tag allows you to embed any tag which is not supported yet. The possibilities with this trigger are pretty much unlimited.</help>
			<order>9999</order>
			<contexts>
				<row>web</row>
			</contexts>
			<hasAdvancedSettings>1</hasAdvancedSettings>
			<parameters>
				<row>
					<name>customHtml</name>
					<title>Custom HTML</title>
					<value>&lt;p&gt;&lt;/p&gt;</value>
					<defaultValue />
					<type>string</type>
					<uiControl>textarea</uiControl>
					<uiControlAttributes>
					</uiControlAttributes>
					<availableValues />
					<description>This tag is ideal when you need to add for example custom styles or custom JavaScript or when you are looking for a specific tag which is not yet supported. With this tag you can append any HTML to the bottom of your page, add styles, or execute JavaScript. Note: You can replace content within the HTML with variables by putting a variable name in curly brackets like this {{PageUrl}}.</description>
					<inlineHelp>&lt;a href=&quot;https://matomo.org/faq/tag-manager/faq_26815/&quot;&gt;Learn more&lt;/a&gt;</inlineHelp>
					<templateFile>plugins/TagManager/angularjs/form-field/field-textarea-variable-template.html</templateFile>
					<introduction />
					<condition />
				</row>
				<row>
					<name>htmlPosition</name>
					<title>Position</title>
					<value>bodyEnd</value>
					<defaultValue>bodyEnd</defaultValue>
					<type>string</type>
					<uiControl>select</uiControl>
					<uiControlAttributes>
					</uiControlAttributes>
					<availableValues>
						<headStart>Head Start</headStart>
						<headEnd>Head End</headEnd>
						<bodyStart>Body Start</bodyStart>
						<bodyEnd>Body End</bodyEnd>
					</availableValues>
					<description>Define the position of where the HTML should be inserted into your website.</description>
					<inlineHelp />
					<templateFile />
					<introduction />
					<condition />
				</row>
			</parameters>
		</typeMetadata>
	</row>
	<row>
		<idtag>3</idtag>
		<idcontainerversion>1</idcontainerversion>
		<idsite>2</idsite>
		<type>CustomImage</type>
		<name>My Tag 3</name>
		<status>active</status>
		<parameters>
			<customImageSrc>/plugins/tracking.png</customImageSrc>
			<cacheBusterEnabled>1</cacheBusterEnabled>
		</parameters>
		<fire_trigger_ids>
			<row>2</row>
			<row>3</row>
		</fire_trigger_ids>
		<block_trigger_ids>
		</block_trigger_ids>
		<fire_limit>unlimited</fire_limit>
		<priority>999</priority>
		<fire_delay>0</fire_delay>
		<start_date />
		<end_date />
		
		
		
		
		<typeMetadata>
			<id>CustomImage</id>
			<name>Custom Image</name>
			<description>Allows you to embed any image, for example a tracking pixel.</description>
			<category>Custom</category>
			<icon>plugins/TagManager/images/icons/image.svg</icon>
			<help>This tag allows you to add for example a transparent tracking pixel into your website.</help>
			<order>9999</order>
			<contexts>
				<row>web</row>
			</contexts>
			<hasAdvancedSettings>1</hasAdvancedSettings>
			<parameters>
				<row>
					<name>customImageSrc</name>
					<title>Image URL</title>
					<value>/plugins/tracking.png</value>
					<defaultValue />
					<type>string</type>
					<uiControl>text</uiControl>
					<uiControlAttributes>
					</uiControlAttributes>
					<availableValues />
					<description>You can define any image URL. We recommend to define a URL that starts with &quot;//&quot; so it will work on HTTP and HTTPS pages. If your website only supports HTTPS, it should start with &quot;https://&quot;.</description>
					<inlineHelp />
					<templateFile>plugins/TagManager/angularjs/form-field/field-variable-template.html</templateFile>
					<introduction />
					<condition />
				</row>
				<row>
					<name>cacheBusterEnabled</name>
					<title>Enable Cache Buster</title>
					<value>1</value>
					<defaultValue>1</defaultValue>
					<type>boolean</type>
					<uiControl>checkbox</uiControl>
					<uiControlAttributes>
					</uiControlAttributes>
					<availableValues />
					<description>Makes sure the image will be fetched again every time it is added to the page by adding a URL parameter to the image URL with a random value, for example &quot;?mtmcb=12345&quot;..</description>
					<inlineHelp />
					<templateFile />
					<introduction />
					<condition />
				</row>
			</parameters>
		</typeMetadata>
	</row>
</result>