<?xml version="1.0" encoding="utf-8" ?>
<result>
	<idcontainer>aaacont6</idcontainer>
	<idsite>4</idsite>
	<context>web</context>
	<name>Container6</name>
	<description>My container 6 description</description>
	<ignoreGtmDataLayer>1</ignoreGtmDataLayer>
	<activelySyncGtmDataLayer>0</activelySyncGtmDataLayer>
	<isTagFireLimitAllowedInPreviewMode>0</isTagFireLimitAllowedInPreviewMode>
	
	
	
	
	<revision>0</revision>
	<version>
		<name />
		<description />
		<revision>0</revision>
		
		
		
		
	</version>
	<tags>
	</tags>
	<triggers>
	</triggers>
	<variables>
	</variables>
</result>