<?xml version="1.0" encoding="utf-8" ?>
<result>
	<idcontainer>aaacont2</idcontainer>
	<idsite>2</idsite>
	<context>web</context>
	<name>Container2</name>
	<description>My container 2 description</description>
	<ignoreGtmDataLayer>0</ignoreGtmDataLayer>
	<activelySyncGtmDataLayer>0</activelySyncGtmDataLayer>
	<isTagFireLimitAllowedInPreviewMode>0</isTagFireLimitAllowedInPreviewMode>
	
	
	
	
	<revision>0</revision>
	<version>
		<name />
		<description />
		<revision>0</revision>
		
		
		
		
	</version>
	<tags>
	</tags>
	<triggers>
	</triggers>
	<variables>
	</variables>
</result>