<?xml version="1.0" encoding="utf-8" ?>
<result>
	<row>
		<name>Analytics</name>
		<types>
			<row>
				<id>Matomo</id>
				<name>Matomo Analytics</name>
				<description>Matomo, formerly known as Piwk, is the leading open source analytics platform.</description>
				<category>Analytics</category>
				<icon>plugins/TagManager/images/MatomoIcon.png</icon>
				<help>This tag lets you track pageviews and events into your Matomo. You can customize the tracking to your needs.</help>
				<order>1</order>
				<contexts>
					<row>web</row>
				</contexts>
				<hasAdvancedSettings>1</hasAdvancedSettings>
				<parameters>
					<row>
						<name>matomoConfig</name>
						<title>Matomo Configuration</title>
						<value />
						<defaultValue />
						<type>string</type>
						<uiControl>text</uiControl>
						<uiControlAttributes>
							<variableType>MatomoConfiguration</variableType>
						</uiControlAttributes>
						<availableValues />
						<description>Assign a Matomo configuration in order to track data into a specific site.</description>
						<inlineHelp />
						<templateFile>plugins/TagManager/angularjs/form-field/field-variabletype-template.html</templateFile>
						<introduction />
						<condition />
					</row>
					<row>
						<name>trackingType</name>
						<title>Tracking Type</title>
						<value>pageview</value>
						<defaultValue>pageview</defaultValue>
						<type>string</type>
						<uiControl>select</uiControl>
						<uiControlAttributes>
						</uiControlAttributes>
						<availableValues>
							<pageview>Pageview</pageview>
							<event>Event</event>
							<goal>Goal</goal>
						</availableValues>
						<description>Choose which action should be executed when this tag is fired.</description>
						<inlineHelp />
						<templateFile />
						<introduction />
						<condition />
					</row>
					<row>
						<name>idGoal</name>
						<title>Goal ID</title>
						<value />
						<defaultValue />
						<type>string</type>
						<uiControl>text</uiControl>
						<uiControlAttributes>
						</uiControlAttributes>
						<availableValues />
						<description>The ID of the goal you want to track manually.</description>
						<inlineHelp />
						<templateFile>plugins/TagManager/angularjs/form-field/field-variable-template.html</templateFile>
						<introduction />
						<condition>trackingType == &quot;goal&quot;</condition>
					</row>
					<row>
						<name>eventCategory</name>
						<title>Event Category</title>
						<value />
						<defaultValue />
						<type>string</type>
						<uiControl>text</uiControl>
						<uiControlAttributes>
						</uiControlAttributes>
						<availableValues />
						<description>The event's category, for example Videos, Music, Games...</description>
						<inlineHelp />
						<templateFile>plugins/TagManager/angularjs/form-field/field-variable-template.html</templateFile>
						<introduction />
						<condition>trackingType == &quot;event&quot;</condition>
					</row>
					<row>
						<name>eventAction</name>
						<title>Event Action</title>
						<value />
						<defaultValue />
						<type>string</type>
						<uiControl>text</uiControl>
						<uiControlAttributes>
						</uiControlAttributes>
						<availableValues />
						<description>The event's action, for example Play, Pause, Duration, Add Playlist, Downloaded, Clicked...</description>
						<inlineHelp />
						<templateFile>plugins/TagManager/angularjs/form-field/field-variable-template.html</templateFile>
						<introduction />
						<condition>trackingType == &quot;event&quot;</condition>
					</row>
					<row>
						<name>eventName</name>
						<title>Event Name</title>
						<value />
						<defaultValue />
						<type>string</type>
						<uiControl>text</uiControl>
						<uiControlAttributes>
						</uiControlAttributes>
						<availableValues />
						<description>The event's object Name, for example a particular Movie name, or Song name, or File name...</description>
						<inlineHelp />
						<templateFile>plugins/TagManager/angularjs/form-field/field-variable-template.html</templateFile>
						<introduction />
						<condition>trackingType == &quot;event&quot;</condition>
					</row>
					<row>
						<name>eventValue</name>
						<title>Event Value</title>
						<value />
						<defaultValue />
						<type>float</type>
						<uiControl>text</uiControl>
						<uiControlAttributes>
						</uiControlAttributes>
						<availableValues />
						<description>The event's value, for example &quot;50&quot; as in user has stayed on the website for 50 seconds.</description>
						<inlineHelp />
						<templateFile>plugins/TagManager/angularjs/form-field/field-variable-template.html</templateFile>
						<introduction />
						<condition>trackingType == &quot;event&quot;</condition>
					</row>
				</parameters>
			</row>
			<row>
				<id>GoogleAnalyticsUniversal</id>
				<name>Google Analytics (Universal)</name>
				<description>Google Analytics is a web analytics service offered by Google.</description>
				<category>Analytics</category>
				<icon>plugins/TagManager/images/defaultIcon.svg</icon>
				<help>This tag lets you track website pageviews into your Google Analytics. To obtain the Property-ID please log in to your Google Analytics account.</help>
				<order>9999</order>
				<contexts>
					<row>web</row>
				</contexts>
				<hasAdvancedSettings>1</hasAdvancedSettings>
				<parameters>
					<row>
						<name>propertyId</name>
						<title>Property ID</title>
						<value />
						<defaultValue />
						<type>string</type>
						<uiControl>text</uiControl>
						<uiControlAttributes>
						</uiControlAttributes>
						<availableValues />
						<description>For example &quot;UA-XXXXX-Y&quot;</description>
						<inlineHelp />
						<templateFile />
						<introduction />
						<condition />
					</row>
					<row>
						<name>trackingType</name>
						<title>Tracking Type</title>
						<value>pageview</value>
						<defaultValue>pageview</defaultValue>
						<type>string</type>
						<uiControl>select</uiControl>
						<uiControlAttributes>
						</uiControlAttributes>
						<availableValues>
							<pageview>Pageview</pageview>
						</availableValues>
						<description>Only the tracking type &quot;Pageview&quot; is currently supported.</description>
						<inlineHelp />
						<templateFile />
						<introduction />
						<condition />
					</row>
				</parameters>
			</row>
		</types>
	</row>
	<row>
		<name>Custom</name>
		<types>
			<row>
				<id>CustomHtml</id>
				<name>Custom HTML</name>
				<description>Allows you to embed any custom HTML, for example JavaScript or CSS Styles.</description>
				<category>Custom</category>
				<icon>plugins/TagManager/images/icons/code.svg</icon>
				<help>The Custom HTML tag allows you to embed any tag which is not supported yet. The possibilities with this trigger are pretty much unlimited.</help>
				<order>9999</order>
				<contexts>
					<row>web</row>
				</contexts>
				<hasAdvancedSettings>1</hasAdvancedSettings>
				<parameters>
					<row>
						<name>customHtml</name>
						<title>Custom HTML</title>
						<value />
						<defaultValue />
						<type>string</type>
						<uiControl>textarea</uiControl>
						<uiControlAttributes>
						</uiControlAttributes>
						<availableValues />
						<description>This tag is ideal when you need to add for example custom styles or custom JavaScript or when you are looking for a specific tag which is not yet supported. With this tag you can append any HTML to the bottom of your page, add styles, or execute JavaScript. Note: You can replace content within the HTML with variables by putting a variable name in curly brackets like this {{PageUrl}}.</description>
						<inlineHelp>&lt;a href=&quot;https://matomo.org/faq/tag-manager/faq_26815/&quot;&gt;Learn more&lt;/a&gt;</inlineHelp>
						<templateFile>plugins/TagManager/angularjs/form-field/field-textarea-variable-template.html</templateFile>
						<introduction />
						<condition />
					</row>
					<row>
						<name>htmlPosition</name>
						<title>Position</title>
						<value>bodyEnd</value>
						<defaultValue>bodyEnd</defaultValue>
						<type>string</type>
						<uiControl>select</uiControl>
						<uiControlAttributes>
						</uiControlAttributes>
						<availableValues>
							<headStart>Head Start</headStart>
							<headEnd>Head End</headEnd>
							<bodyStart>Body Start</bodyStart>
							<bodyEnd>Body End</bodyEnd>
						</availableValues>
						<description>Define the position of where the HTML should be inserted into your website.</description>
						<inlineHelp />
						<templateFile />
						<introduction />
						<condition />
					</row>
				</parameters>
			</row>
			<row>
				<id>CustomImage</id>
				<name>Custom Image</name>
				<description>Allows you to embed any image, for example a tracking pixel.</description>
				<category>Custom</category>
				<icon>plugins/TagManager/images/icons/image.svg</icon>
				<help>This tag allows you to add for example a transparent tracking pixel into your website.</help>
				<order>9999</order>
				<contexts>
					<row>web</row>
				</contexts>
				<hasAdvancedSettings>1</hasAdvancedSettings>
				<parameters>
					<row>
						<name>customImageSrc</name>
						<title>Image URL</title>
						<value />
						<defaultValue />
						<type>string</type>
						<uiControl>text</uiControl>
						<uiControlAttributes>
						</uiControlAttributes>
						<availableValues />
						<description>You can define any image URL. We recommend to define a URL that starts with &quot;//&quot; so it will work on HTTP and HTTPS pages. If your website only supports HTTPS, it should start with &quot;https://&quot;.</description>
						<inlineHelp />
						<templateFile>plugins/TagManager/angularjs/form-field/field-variable-template.html</templateFile>
						<introduction />
						<condition />
					</row>
					<row>
						<name>cacheBusterEnabled</name>
						<title>Enable Cache Buster</title>
						<value>1</value>
						<defaultValue>1</defaultValue>
						<type>boolean</type>
						<uiControl>checkbox</uiControl>
						<uiControlAttributes>
						</uiControlAttributes>
						<availableValues />
						<description>Makes sure the image will be fetched again every time it is added to the page by adding a URL parameter to the image URL with a random value, for example &quot;?mtmcb=12345&quot;..</description>
						<inlineHelp />
						<templateFile />
						<introduction />
						<condition />
					</row>
				</parameters>
			</row>
		</types>
	</row>
	<row>
		<name>Social</name>
		<types>
			<row>
				<id>FacebookPixel</id>
				<name>Facebook Pixel</name>
				<description>The Facebook Pixel is a web analytics and advertising service offered by Facebook.</description>
				<category>Social</category>
				<icon>plugins/TagManager/images/icons/F_icon.svg</icon>
				<help>This tag lets you track website pageviews in your Facebook Ads account. To obtain the Pixel ID please log in to your Facebook Ads account.</help>
				<order>9999</order>
				<contexts>
					<row>web</row>
				</contexts>
				<hasAdvancedSettings>1</hasAdvancedSettings>
				<parameters>
					<row>
						<name>pixelId</name>
						<title>Pixel ID</title>
						<value />
						<defaultValue />
						<type>integer</type>
						<uiControl>text</uiControl>
						<uiControlAttributes>
						</uiControlAttributes>
						<availableValues />
						<description />
						<inlineHelp />
						<templateFile />
						<introduction />
						<condition />
					</row>
				</parameters>
			</row>
		</types>
	</row>
</result>