<?xml version="1.0" encoding="utf-8" ?>
<result>
	<row>
		<idcontainer>aaacont7</idcontainer>
		<idsite>2</idsite>
		<context>web</context>
		<name>Container with &quot;Quotes&quot;</name>
		<description>My container with quotes description</description>
		<ignoreGtmDataLayer>1</ignoreGtmDataLayer>
		<activelySyncGtmDataLayer>0</activelySyncGtmDataLayer>
		<isTagFireLimitAllowedInPreviewMode>1</isTagFireLimitAllowedInPreviewMode>
		<status>active</status>




		<versions>
			<row>
				<idcontainerversion>13</idcontainerversion>
				<idcontainer>aaacont7</idcontainer>
				<idsite>2</idsite>
				<status>active</status>
				<revision>1</revision>
				<name>container1_v4_reversioned &quot;Quotes&quot;</name>
				<description>new version for quotes container</description>




				<environments>
					<row>live</row>
					<row>dev</row>
					<row>staging</row>
				</environments>
			</row>
		</versions>
		<releases>
			<row>
				<idcontainerrelease>5</idcontainerrelease>
				<idcontainer>aaacont7</idcontainer>
				<idcontainerversion>13</idcontainerversion>
				<idsite>2</idsite>
				<status>active</status>
				<environment>live</environment>
				<release_login>superUserLogin</release_login>


				<version_name>container1_v4_reversioned &quot;Quotes&quot;</version_name>
			</row>
			<row>
				<idcontainerrelease>6</idcontainerrelease>
				<idcontainer>aaacont7</idcontainer>
				<idcontainerversion>13</idcontainerversion>
				<idsite>2</idsite>
				<status>active</status>
				<environment>dev</environment>
				<release_login>superUserLogin</release_login>


				<version_name>container1_v4_reversioned &quot;Quotes&quot;</version_name>
			</row>
			<row>
				<idcontainerrelease>7</idcontainerrelease>
				<idcontainer>aaacont7</idcontainer>
				<idcontainerversion>13</idcontainerversion>
				<idsite>2</idsite>
				<status>active</status>
				<environment>staging</environment>
				<release_login>superUserLogin</release_login>


				<version_name>container1_v4_reversioned &quot;Quotes&quot;</version_name>
			</row>
			<row>
				<idcontainerrelease>8</idcontainerrelease>
				<idcontainer>aaacont7</idcontainer>
				<idcontainerversion>7</idcontainerversion>
				<idsite>2</idsite>
				<status>active</status>
				<environment>preview</environment>
				<release_login>superUserLogin</release_login>


				<version_name />
			</row>
		</releases>
		<draft>
			<idcontainerversion>7</idcontainerversion>
			<idcontainer>aaacont7</idcontainer>
			<idsite>2</idsite>
			<status>active</status>
			<revision>0</revision>
			<name />
			<description />




		</draft>
	</row>
	<row>
		<idcontainer>aaacont1</idcontainer>
		<idsite>2</idsite>
		<context>web</context>
		<name>Container1</name>
		<description />
		<ignoreGtmDataLayer>0</ignoreGtmDataLayer>
		<activelySyncGtmDataLayer>0</activelySyncGtmDataLayer>
		<isTagFireLimitAllowedInPreviewMode>0</isTagFireLimitAllowedInPreviewMode>
		<status>active</status>
		
		
		
		
		<versions>
			<row>
				<idcontainerversion>14</idcontainerversion>
				<idcontainer>aaacont1</idcontainer>
				<idsite>2</idsite>
				<status>active</status>
				<revision>5</revision>
				<name>container1_v5</name>
				<description>Version with linked variables</description>
				
				
				
				
				<environments>
					<row>staging</row>
				</environments>
			</row>
			<row>
				<idcontainerversion>12</idcontainerversion>
				<idcontainer>aaacont1</idcontainer>
				<idsite>2</idsite>
				<status>active</status>
				<revision>4</revision>
				<name>container1_v4_reversioned</name>
				<description>new version from an older version</description>
				
				
				
				
				<environments>
					<row>live</row>
					<row>dev</row>
				</environments>
			</row>
			<row>
				<idcontainerversion>11</idcontainerversion>
				<idcontainer>aaacont1</idcontainer>
				<idsite>2</idsite>
				<status>active</status>
				<revision>3</revision>
				<name>container1_v3</name>
				<description>Version from draft with tags, triggers and variables</description>
				
				
				
				
				<environments>
				</environments>
			</row>
			<row>
				<idcontainerversion>10</idcontainerversion>
				<idcontainer>aaacont1</idcontainer>
				<idsite>2</idsite>
				<status>active</status>
				<revision>2</revision>
				<name>container1_v2</name>
				<description>Version from draft with tags and triggers setting it to a very long description to show up in the UI clipped!!!</description>
				
				
				
				
				<environments>
				</environments>
			</row>
			<row>
				<idcontainerversion>9</idcontainerversion>
				<idcontainer>aaacont1</idcontainer>
				<idsite>2</idsite>
				<status>active</status>
				<revision>1</revision>
				<name>container1_v1</name>
				<description>Version from draft with only triggers</description>
				
				
				
				
				<environments>
				</environments>
			</row>
		</versions>
		<releases>
			<row>
				<idcontainerrelease>1</idcontainerrelease>
				<idcontainer>aaacont1</idcontainer>
				<idcontainerversion>12</idcontainerversion>
				<idsite>2</idsite>
				<status>active</status>
				<environment>live</environment>
				<release_login>superUserLogin</release_login>
				
				
				<version_name>container1_v4_reversioned</version_name>
			</row>
			<row>
				<idcontainerrelease>2</idcontainerrelease>
				<idcontainer>aaacont1</idcontainer>
				<idcontainerversion>12</idcontainerversion>
				<idsite>2</idsite>
				<status>active</status>
				<environment>dev</environment>
				<release_login>superUserLogin</release_login>
				
				
				<version_name>container1_v4_reversioned</version_name>
			</row>
			<row>
				<idcontainerrelease>3</idcontainerrelease>
				<idcontainer>aaacont1</idcontainer>
				<idcontainerversion>14</idcontainerversion>
				<idsite>2</idsite>
				<status>active</status>
				<environment>staging</environment>
				<release_login>superUserLogin</release_login>
				
				
				<version_name>container1_v5</version_name>
			</row>
			<row>
				<idcontainerrelease>4</idcontainerrelease>
				<idcontainer>aaacont1</idcontainer>
				<idcontainerversion>1</idcontainerversion>
				<idsite>2</idsite>
				<status>active</status>
				<environment>preview</environment>
				<release_login>superUserLogin</release_login>
				
				
				<version_name />
			</row>
		</releases>
		<draft>
			<idcontainerversion>1</idcontainerversion>
			<idcontainer>aaacont1</idcontainer>
			<idsite>2</idsite>
			<status>active</status>
			<revision>0</revision>
			<name />
			<description />
			
			
			
			
		</draft>
	</row>
	<row>
		<idcontainer>aaacont2</idcontainer>
		<idsite>2</idsite>
		<context>web</context>
		<name>Container2</name>
		<description>My container 2 description</description>
		<ignoreGtmDataLayer>0</ignoreGtmDataLayer>
		<activelySyncGtmDataLayer>0</activelySyncGtmDataLayer>
		<isTagFireLimitAllowedInPreviewMode>0</isTagFireLimitAllowedInPreviewMode>
		<status>active</status>
		
		
		
		
		<versions>
			<row>
				<idcontainerversion>8</idcontainerversion>
				<idcontainer>aaacont2</idcontainer>
				<idsite>2</idsite>
				<status>active</status>
				<revision>1</revision>
				<name>container2_v1</name>
				<description>Version from draft without content</description>
				
				
				
				
				<environments>
				</environments>
			</row>
		</versions>
		<releases>
		</releases>
		<draft>
			<idcontainerversion>2</idcontainerversion>
			<idcontainer>aaacont2</idcontainer>
			<idsite>2</idsite>
			<status>active</status>
			<revision>0</revision>
			<name />
			<description />
			
			
			
			
		</draft>
	</row>
	<row>
		<idcontainer>aaacont3</idcontainer>
		<idsite>2</idsite>
		<context>web</context>
		<name>Container3</name>
		<description>My container 3 description</description>
		<ignoreGtmDataLayer>0</ignoreGtmDataLayer>
		<activelySyncGtmDataLayer>0</activelySyncGtmDataLayer>
		<isTagFireLimitAllowedInPreviewMode>0</isTagFireLimitAllowedInPreviewMode>
		<status>active</status>
		
		
		
		
		<versions>
		</versions>
		<releases>
		</releases>
		<draft>
			<idcontainerversion>3</idcontainerversion>
			<idcontainer>aaacont3</idcontainer>
			<idsite>2</idsite>
			<status>active</status>
			<revision>0</revision>
			<name />
			<description />
			
			
			
			
		</draft>
	</row>
</result>