<?xml version="1.0" encoding="utf-8" ?>
<result>
	<idcontainer>aaacont3</idcontainer>
	<idsite>2</idsite>
	<context>web</context>
	<name>Container3</name>
	<description>My container 3 description</description>
	<ignoreGtmDataLayer>0</ignoreGtmDataLayer>
	<activelySyncGtmDataLayer>0</activelySyncGtmDataLayer>
	<isTagFireLimitAllowedInPreviewMode>0</isTagFireLimitAllowedInPreviewMode>
	<status>active</status>
	
	
	
	
	<versions>
	</versions>
	<releases>
	</releases>
	<draft>
		<idcontainerversion>3</idcontainerversion>
		<idcontainer>aaacont3</idcontainer>
		<idsite>2</idsite>
		<status>active</status>
		<revision>0</revision>
		<name />
		<description />
		
		
		
		
	</draft>
</result>