<?xml version="1.0" encoding="utf-8" ?>
<result>
	<row>
		<description>To install this container, copy / paste the following code as high as possible into the &quot;&lt;head&gt;&quot; part of every page of your site.</description>
		<embedCode>&lt;!-- Matomo Tag Manager --&gt;
&lt;script&gt;
var _mtm = window._mtm = window._mtm || [];
_mtm.push({'mtm.startTime': (new Date().getTime()), 'event': 'mtm.Start'});
var d=document, g=d.createElement('script'), s=d.getElementsByTagName('script')[0];
g.async=true; g.src='http://example.com/piwik/tests/PHPUnit/proxy/js/container_aaacont1_dev_5145ce110dfb83505890f752.js'; s.parentNode.insertBefore(g,s);
&lt;/script&gt;
&lt;!-- End Matomo Tag Manager --&gt;</embedCode>
		<helpUrl>https://developer.matomo.org/guides/tagmanager/embedding</helpUrl>
	</row>
</result>