<?xml version="1.0" encoding="utf-8" ?>
<result>
	<idcontainer>aaacont1</idcontainer>
	<idsite>2</idsite>
	<context>web</context>
	<name>Container1</name>
	<description />
	<ignoreGtmDataLayer>0</ignoreGtmDataLayer>
	<activelySyncGtmDataLayer>0</activelySyncGtmDataLayer>
	<isTagFireLimitAllowedInPreviewMode>0</isTagFireLimitAllowedInPreviewMode>
	
	
	
	
	<revision>1</revision>
	<version>
		<name>container1_v1</name>
		<description>Version from draft with only triggers</description>
		<revision>1</revision>
		
		
		
		
	</version>
	<tags>
	</tags>
	<triggers>
		<row>
			<idtrigger>5</idtrigger>
			<type>CustomEvent</type>
			<name>My trigger1</name>
			<description>My trigger1 description setting it to a very long description to show up in the UI clipped</description>
			<parameters>
				<eventName>foo</eventName>
			</parameters>
			<conditions>
			</conditions>
			
			
			
			
		</row>
		<row>
			<idtrigger>6</idtrigger>
			<type>WindowLoaded</type>
			<name>Mytrigger2</name>
			<description />
			<parameters>
			</parameters>
			<conditions>
				<row>
					<actual>ErrorUrl</actual>
					<comparison>contains</comparison>
					<expected>foo</expected>
				</row>
			</conditions>
			
			
			
			
		</row>
		<row>
			<idtrigger>7</idtrigger>
			<type>DomReady</type>
			<name>Mytrigger3</name>
			<description />
			<parameters>
			</parameters>
			<conditions>
			</conditions>
			
			
			
			
		</row>
	</triggers>
	<variables>
	</variables>
</result>